>>> Messages generated by process 768916 on 2026-09-28 08:21:59 HKT for package media-libs/libheif-1.23.5:

WARN: pretend
Building heif-view requires USE="gui tools".

>>> Messages generated by process 768916 on 2026-09-28 08:26:32 HKT for package app-containers/docker-compose-5.5.0:

LOG: postinst
Install additional packages for optional runtime features:
  app-containers/docker-credential-helpers for credential store support

>>> Messages generated by process 768916 on 2026-09-28 22:34:54 HKT for package sys-devel/gcc-16.2.1_p20260926:

QA: other
QA Notice: Installing libtool files (.la) without corresponding static libraries!
  /usr/libexec/gcc/x86_64-pc-linux-gnu/16/liblto_plugin.la
QA Notice: Found the following implicit function declarations in configure logs:
  /var/tmp/portage/sys-devel/gcc-16.2.1_p20260926/work/build/x86_64-pc-linux-gnu/libgfortran/config.log:4612 - fpsetmask
  /var/tmp/portage/sys-devel/gcc-16.2.1_p20260926/work/build/x86_64-pc-linux-gnu/32/libgfortran/config.log:4704 - fpsetmask
Check that no features were accidentally disabled.
See https://wiki.gentoo.org/wiki/Modern_C_porting.
QA Notice: Package triggers severe warnings which indicate that it
           may exhibit random runtime failures.
/var/tmp/portage/sys-devel/gcc-16.2.1_p20260926/work/gcc-16-20260926/gcc/vec.h:347:10: warning: ‘free’ called on unallocated object ‘unique_labels’ [-Wfree-nonheap-object]
/var/tmp/portage/sys-devel/gcc-16.2.1_p20260926/work/gcc-16-20260926/gcc/vec.h:347:10: warning: ‘free’ called on unallocated object ‘<anonymous>’ [-Wfree-nonheap-object]
/var/tmp/portage/sys-devel/gcc-16.2.1_p20260926/work/gcc-16-20260926/gcc/vec.h:347:10: warning: ‘free’ called on unallocated object ‘lhsc’ [-Wfree-nonheap-object]
/var/tmp/portage/sys-devel/gcc-16.2.1_p20260926/work/gcc-16-20260926/gcc/vec.h:347:10: warning: ‘free’ called on unallocated object ‘indices’ [-Wfree-nonheap-object]
Please do not file a Gentoo bug and instead report the above QA issues directly
to the upstream developers of this software.
Homepage: https://gcc.gnu.org/

>>> Messages generated by process 768916 on 2026-09-28 23:12:09 HKT for package dev-lang/spidermonkey-140.16.0:

QA: other
QA Notice: Package triggers severe warnings which indicate that it
           may exhibit random runtime failures.
7TIER:(B pre-export(B export(B compile(B misc libs tools8 4:39.18(B /var/tmp/portage/dev-lang/spidermonkey-140.16.0/work/firefox-140.16.0/js/src/irregexp/imported/regexp-parser.cc:2793:1: warning: control reaches end of non-void function [-Wreturn-type](B(B
Please do not file a Gentoo bug and instead report the above QA issues directly
to the upstream developers of this software.
Homepage: https://spidermonkey.dev https://firefox-source-docs.mozilla.org/js/index.html

>>> Messages generated by process 768916 on 2026-09-28 23:13:37 HKT for package dev-python/linkify-it-py-2.1.1:

QA: install
QA Notice: setuptools warnings detected:

	License classifiers are deprecated.
	`project.license` as a TOML table is deprecated

>>> Messages generated by process 768916 on 2026-09-28 23:14:48 HKT for package www-client/google-chrome-154.0.8037.57:

QA: other
QA Notice: This package seems to install metainfo files into the
following location(s):
  /usr/share/appdata
This location is deprecated, it should not be used anymore by new software.
Appdata/Metainfo files should be installed into /usr/share/metainfo directory.
For more details, please see the freedesktop Upstream Metadata guidelines at
https://www.freedesktop.org/software/appstream/docs/chap-Metadata.html
Gentoo Tracker bug: https://bugs.gentoo.org/709450

>>> Messages generated by process 768916 on 2026-09-28 23:16:19 HKT for package dev-java/openjdk-bin-25.0.4.1_p1:

QA: install
QA Notice: Unresolved soname dependencies:

	/opt/openjdk-bin-25.0.4.1_p1/lib/libfontmanager.so: libfreetype.so


>>> Messages generated by process 768916 on 2026-09-28 23:16:36 HKT for package dev-java/openjdk-bin-21.0.12.1_p1:

QA: install
QA Notice: Unresolved soname dependencies:

	/opt/openjdk-bin-21.0.12.1_p1/lib/libfontmanager.so: libfreetype.so


>>> Messages generated by process 768916 on 2026-09-28 23:30:53 HKT for package media-libs/libheif-1.23.5:

QA: other
QA Notice: One or more CMake variables were not used by the project:
  CMAKE_DISABLE_FIND_PACKAGE_PNG
  CMAKE_DISABLE_FIND_PACKAGE_TIFF
  CMAKE_DISABLE_FIND_PACKAGE_WEBP
  WITH_LIBPNG_INTERNAL

>>> Messages generated by process 768916 on 2026-09-28 23:42:46 HKT for package media-gfx/imagemagick-7.1.2.31:

QA: other
QA Notice: pkg-config files not respecting libdir found
(contains reference to either lib or lib64 in wrong directory)
  /usr/lib64/pkgconfig/MagickCore-7.Q32HDRI.pc
  /usr/lib64/pkgconfig/MagickWand.pc
  /usr/lib64/pkgconfig/ImageMagick-7.Q32HDRI.pc
  /usr/lib64/pkgconfig/ImageMagick.pc
  /usr/lib64/pkgconfig/MagickCore.pc
  /usr/lib64/pkgconfig/MagickWand-7.Q32HDRI.pc

>>> Messages generated by process 803558 on 2026-09-21 08:41:53 HKT for package media-libs/libheif-1.23.4:

WARN: pretend
Building heif-view requires USE="gui tools".

>>> Messages generated by process 803558 on 2026-09-21 08:53:53 HKT for package app-containers/runc-1.4.3:

ERROR: setup
  CONFIG_IP_NF_FILTER:	 is not set when it should be.
  CONFIG_IP_NF_TARGET_MASQUERADE:	 is not set when it should be.
  CONFIG_IP_NF_NAT:	 is not set when it should be.
  CONFIG_IP_NF_TARGET_REDIRECT:	 is not set when it should be.
WARN: setup
Please check to make sure these options are set correctly.
Failure to do so may cause unexpected problems.

>>> Messages generated by process 803558 on 2026-09-21 08:56:54 HKT for package app-containers/docker-cli-29.7.2:

WARN: postinst
the 'docker build' command is deprecated and will be removed in a
future release. If you need this functionality, install
app-containers/docker-buildx.

>>> Messages generated by process 803558 on 2026-09-21 09:12:15 HKT for package dev-lang/perl-5.44.0:

WARN: preinst
UPDATE THE PERL MODULES:
After updating dev-lang/perl to a new major version the installed Perl modules
have to be re-installed. In most cases, this is done automatically
by the package manager.
ONLY if you encounter problems, call perl-cleaner to clean up any old files
and trigger any remaining rebuilds portage may have missed.
Use: perl-cleaner --all

>>> Messages generated by process 803558 on 2026-09-21 09:28:29 HKT for package dev-libs/openssl-3.5.8:

QA: configure
Appending non-library to LIBS (-Wl,--push-state,--as-needed,-latomic,--pop-state); Other linker flags should be passed via LDFLAGS

>>> Messages generated by process 803558 on 2026-09-21 09:44:55 HKT for package dev-perl/Mail-Sender-0.903.0-r1:

WARN: postinst
dev-perl/Mail-Sender is deprecated by upstream.
You should consider moving away from it and use
dev-perl/Email-Sender instead

>>> Messages generated by process 803558 on 2026-09-21 09:51:30 HKT for package net-misc/telnet-bsd-1.2-r6:

QA: other
QA Notice: Package triggers severe warnings which indicate that it
           may exhibit random runtime failures.
sys_term.c:846:37: warning: passing argument 3 to ‘restrict’-qualified parameter aliases with argument 2 [-Wrestrict]
Please do not file a Gentoo bug and instead report the above QA issues directly
to the upstream developers of this software.
Homepage: ftp://ftp.suse.com/pub/people/kukuk/ipv6/

>>> Messages generated by process 803558 on 2026-09-21 09:54:35 HKT for package dev-cpp/eigen-3.4.1-r1:

QA: prepare
QA Notice: Compatibility with CMake < 3.5 has been removed from CMake 4,
dev-cpp/eigen will fail to build w/o a fix.
See also tracker bug #951350; check existing or file a new bug for this package.
Please also take it upstream.
The following files are causing errors:
  bench/btl/CMakeLists.txt:2.6.2
Compatibility with CMake < 3.10 will be removed in a future release.
See also tracker bug #964405; check existing or file a new bug for this package.
If not fixed in upstream's code repository, we should make sure they are aware.
CMake 4 detected; building with -DCMAKE_POLICY_VERSION_MINIMUM=3.5
This is merely a workaround to avoid CMake Error and *not* a permanent fix;
there may be new build or runtime bugs as a result.
An upstreamable patch should take any resulting CMake policy changes
into account. See also:
  https://cmake.org/cmake/help/latest/manual/cmake-policies.7.html

>>> Messages generated by process 803558 on 2026-09-21 09:54:48 HKT for package dev-util/opencl-headers-2026.05.29:

QA: prepare
QA Notice: Compatibility with CMake < 3.5 has been removed from CMake 4,
dev-util/opencl-headers will fail to build w/o a fix.
See also tracker bug #951350; check existing or file a new bug for this package.
Please also take it upstream.
The following files are causing errors:
  tests/conan/CMakeLists.txt:3.0
Compatibility with CMake < 3.10 will be removed in a future release.
See also tracker bug #964405; check existing or file a new bug for this package.
If not fixed in upstream's code repository, we should make sure they are aware.
CMake 4 detected; building with -DCMAKE_POLICY_VERSION_MINIMUM=3.5
This is merely a workaround to avoid CMake Error and *not* a permanent fix;
there may be new build or runtime bugs as a result.
An upstreamable patch should take any resulting CMake policy changes
into account. See also:
  https://cmake.org/cmake/help/latest/manual/cmake-policies.7.html

>>> Messages generated by process 803558 on 2026-09-21 09:59:43 HKT for package sys-kernel/gentoo-sources-6.18.52:

LOG: postinst
If you are upgrading from a previous kernel, you may be interested
in the following document:
  - General upgrade guide: https://wiki.gentoo.org/wiki/Kernel/Upgrade
Install additional packages for optional runtime features:
  sys-kernel/installkernel for versioned kernel image installation and optionally automating tasks such as generating an initramfs or unified kernel image
QA: other
QA Notice: RESTRICT=binchecks prevented checks on these ELF files:
/usr/src/linux-6.18.52-gentoo/tools/testing/selftests/tc-testing/action-ebpf

>>> Messages generated by process 803558 on 2026-09-21 10:07:32 HKT for package dev-perl/Tk-804.36.0-r5:

QA: other
QA Notice: Package triggers severe warnings which indicate that it
           may exhibit random runtime failures.
tkUnixXft.c:445:13: warning: missing sentinel in function call [-Wformat=]
Please do not file a Gentoo bug and instead report the above QA issues directly
to the upstream developers of this software.
Homepage: https://metacpan.org/release/Tk

>>> Messages generated by process 803558 on 2026-09-21 10:51:57 HKT for package dev-python/pybind11-3.1.0:

QA: other
QA Notice: One or more CMake variables were not used by the project:
  HAS_FLTO

>>> Messages generated by process 803558 on 2026-09-21 10:52:14 HKT for package dev-python/vcs-versioning-2.3.1:

QA: install
QA Notice: setuptools warnings detected:

	`project.license` as a TOML table is deprecated

>>> Messages generated by process 803558 on 2026-09-21 10:52:29 HKT for package dev-python/charset-normalizer-3.5.1:

QA: install
QA Notice: setuptools warnings detected:

	`project.license` as a TOML table is deprecated

>>> Messages generated by process 803558 on 2026-09-21 10:54:39 HKT for package dev-python/lxml-6.1.2:

LOG: postinst
Install additional packages for optional runtime features:
  dev-python/beautifulsoup4 for Support for BeautifulSoup as a parser backend
  dev-python/cssselect for Translates CSS selectors to XPath 1.0 expressions
  dev-python/lxml-html-clean for Support for lxml.html.clean sanitizer

>>> Messages generated by process 803558 on 2026-09-21 10:54:55 HKT for package dev-python/fastjsonschema-2.22.2:

QA: install
QA Notice: setuptools warnings detected:

	License classifiers are deprecated.

>>> Messages generated by process 803558 on 2026-09-21 11:11:21 HKT for package dev-vcs/git-2.55.0:

LOG: postinst
Some scripts require additional dependencies:
  dev-util/quilt for git-quiltimport

>>> Messages generated by process 803558 on 2026-09-21 11:17:28 HKT for package app-containers/docker-29.7.2:

ERROR: setup
  CONFIG_IP_NF_FILTER:	 is not set when it should be.
  CONFIG_IP_NF_RAW:	 is not set when it should be.
  CONFIG_IP_NF_TARGET_MASQUERADE:	 is not set when it should be.
  CONFIG_IP_NF_NAT:	 is not set when it should be.
  CONFIG_IP_NF_IPTABLES_LEGACY:	 is not set when it should be.
  CONFIG_NETFILTER_XTABLES_LEGACY:	 is not set when it should be.
  CONFIG_IP_NF_TARGET_REDIRECT:	 is not set when it should be.
WARN: setup
Please check to make sure these options are set correctly.
Failure to do so may cause unexpected problems.
LOG: postinst
To use Docker, the Docker daemon must be running as root. To automatically
start the Docker daemon at boot:
  rc-update add docker default
To use Docker as a non-root user, add yourself to the 'docker' group:
  usermod -aG docker <youruser>
Install additional packages for optional runtime features:
  sys-apps/rootlesskit for rootless mode support
for rootless mode you also need a network stack
  app-containers/slirp4netns for rootless mode network stack

>>> Messages generated by process 803558 on 2026-09-21 11:22:08 HKT for package net-analyzer/rrdtool-1.9.0-r3:

QA: install
QA Notice: setuptools warnings detected:

	License classifiers are deprecated.
	Unknown distribution option: 'test_suite'

>>> Messages generated by process 803558 on 2026-09-21 12:36:19 HKT for package net-analyzer/net-snmp-5.9.5.2:

QA: install
QA Notice: setuptools warnings detected:

	Unknown distribution option: 'test_suite'
QA: other
QA Notice: The following deprecated .egg or .egg-info files were found.
Please migrate the ebuild to use the PEP517 build.
  /usr/lib/python3.14/site-packages/netsnmp_python-1.0a1-py3.14.egg-info
QA Notice: Found the following implicit function declarations in configure logs:
  /var/tmp/portage/net-analyzer/net-snmp-5.9.5.2/work/net-snmp-5.9.5.2/config.log:34528 - MY_INIT
  /var/tmp/portage/net-analyzer/net-snmp-5.9.5.2/work/net-snmp-5.9.5.2/config.log:34789 - my_load_defaults
Check that no features were accidentally disabled.
See https://wiki.gentoo.org/wiki/Modern_C_porting.

>>> Messages generated by process 803558 on 2026-09-21 16:23:28 HKT for package dev-qt/qtbase-6.11.2-r2:

QA: other
QA Notice: Package triggers severe warnings which indicate that it
           may exhibit random runtime failures.
/var/tmp/portage/dev-qt/qtbase-6.11.2-r2/work/qtbase-everywhere-src-6.11.2/src/corelib/tools/qshareddata.h:216:35: warning: ‘operator delete’ called on unallocated object ‘c_locale’ [-Wfree-nonheap-object]
/var/tmp/portage/dev-qt/qtbase-6.11.2-r2/work/qtbase-everywhere-src-6.11.2/src/corelib/tools/qshareddata.h:216:35: warning: ‘operator delete’ called on unallocated object ‘locale’ [-Wfree-nonheap-object]
/var/tmp/portage/dev-qt/qtbase-6.11.2-r2/work/qtbase-everywhere-src-6.11.2/src/gui/kernel/qkeysequence.cpp:888:16: warning: ‘operator delete’ called on unallocated object ‘shared_empty’ [-Wfree-nonheap-object]
Please do not file a Gentoo bug and instead report the above QA issues directly
to the upstream developers of this software.
Homepage: https://www.qt.io/

>>> Messages generated by process 803558 on 2026-09-21 18:15:32 HKT for package dev-qt/qttools-6.11.2:

LOG: postinst
Install additional packages for optional runtime features:
  dev-qt/qt-docs:6[qch] for Qt documentation viewable in assistant

>>> Messages generated by process 803558 on 2026-09-21 18:59:53 HKT for package media-gfx/imagemagick-7.1.2.18:

QA: other
QA Notice: pkg-config files not respecting libdir found
(contains reference to either lib or lib64 in wrong directory)
  /usr/lib64/pkgconfig/MagickCore-7.Q32HDRI.pc
  /usr/lib64/pkgconfig/MagickWand.pc
  /usr/lib64/pkgconfig/ImageMagick-7.Q32HDRI.pc
  /usr/lib64/pkgconfig/ImageMagick.pc
  /usr/lib64/pkgconfig/MagickCore.pc
  /usr/lib64/pkgconfig/MagickWand-7.Q32HDRI.pc

>>> Messages generated by process 803558 on 2026-09-22 01:42:40 HKT for package app-office/libreoffice-25.2.7.2-r1:

QA: configure
Please use append-cppflags for preprocessor flags

>>> Messages generated by process 3154245 on 2026-09-22 07:35:47 HKT for package sys-kernel/gentoo-sources-6.18.48:

WARN: postrm
Note: Even though you have successfully unmerged 
your kernel package, directories in kernel source location: 
/usr/src/linux-6.18.48-gentoo
with modified files will remain behind. By design, package managers
will not remove these modified files and the directories they reside in.
For more detailed kernel removal instructions, please see: 
https://wiki.gentoo.org/wiki/Kernel/Removal

>>> Messages generated by process 52296 on 2026-09-22 12:34:12 HKT for package dev-perl/Tk-804.36.0-r5:

QA: other
QA Notice: Package triggers severe warnings which indicate that it
           may exhibit random runtime failures.
tkUnixXft.c:445:13: warning: missing sentinel in function call [-Wformat=]
Please do not file a Gentoo bug and instead report the above QA issues directly
to the upstream developers of this software.
Homepage: https://metacpan.org/release/Tk

>>> Messages generated by process 52296 on 2026-09-22 12:51:49 HKT for package media-gfx/imagemagick-7.1.2.18:

QA: other
QA Notice: pkg-config files not respecting libdir found
(contains reference to either lib or lib64 in wrong directory)
  /usr/lib64/pkgconfig/MagickCore-7.Q32HDRI.pc
  /usr/lib64/pkgconfig/MagickWand.pc
  /usr/lib64/pkgconfig/ImageMagick-7.Q32HDRI.pc
  /usr/lib64/pkgconfig/ImageMagick.pc
  /usr/lib64/pkgconfig/MagickCore.pc
  /usr/lib64/pkgconfig/MagickWand-7.Q32HDRI.pc

>>> Messages generated by process 52296 on 2026-09-22 12:53:42 HKT for package net-analyzer/rrdtool-1.9.0-r3:

QA: install
QA Notice: setuptools warnings detected:

	License classifiers are deprecated.
	Unknown distribution option: 'test_suite'

>>> Messages generated by process 52296 on 2026-09-22 12:57:44 HKT for package dev-perl/Mail-Sender-0.903.0-r1:

WARN: postinst
dev-perl/Mail-Sender is deprecated by upstream.
You should consider moving away from it and use
dev-perl/Email-Sender instead

>>> Messages generated by process 52296 on 2026-09-22 13:15:28 HKT for package dev-vcs/git-2.55.0:

LOG: postinst
Some scripts require additional dependencies:
  dev-util/quilt for git-quiltimport

>>> Messages generated by process 52296 on 2026-09-22 13:22:46 HKT for package net-analyzer/net-snmp-5.9.5.2:

QA: install
QA Notice: setuptools warnings detected:

	Unknown distribution option: 'test_suite'
QA: other
QA Notice: The following deprecated .egg or .egg-info files were found.
Please migrate the ebuild to use the PEP517 build.
  /usr/lib/python3.14/site-packages/netsnmp_python-1.0a1-py3.14.egg-info
QA Notice: Found the following implicit function declarations in configure logs:
  /var/tmp/portage/net-analyzer/net-snmp-5.9.5.2/work/net-snmp-5.9.5.2/config.log:34528 - MY_INIT
  /var/tmp/portage/net-analyzer/net-snmp-5.9.5.2/work/net-snmp-5.9.5.2/config.log:34789 - my_load_defaults
Check that no features were accidentally disabled.
See https://wiki.gentoo.org/wiki/Modern_C_porting.

